GPU: Tesla T4
таблица: (26, 250000, 176) f16 на cuda:1 (2.29 ГБ), дроп 20 вырожденных колонок, 66с
модель: Lmax=320 d=256 слоёв=6 таблица 176->256 (concat, drop 0.15) параметров=3,803,836
--warm-from: скопировано 99 тензоров; свежая инициализация: ['tab_branch.0.weight', 'tab_branch.0.bias', 'tab_branch.2.weight', 'tab_branch.2.bias']
warm-старт OK: прогноз шага 0 с таблицей == без неё (maxdiff 0.00e+00)
срезов 24, пользователей 250,000, шагов за эпоху 23438, всего 12000; замер каждые 500, выгрузка каждые 1500
/usr/local/lib/python3.12/dist-packages/torch/optim/lr_scheduler.py:1195: UserWarning: Detected call of `lr_scheduler.step()` before `optimizer.step()`. In PyTorch 1.1.0 and later, you should call them in the opposite order: `optimizer.step()` before `lr_scheduler.step()`.  Failure to do this will result in PyTorch skipping the first value of the learning rate schedule. See more details at https://pytorch.org/docs/stable/optim.html#how-to-adjust-learning-rate
  scheduler.step()
шаг 500/12000 эпоха 0 калиброванный скор 1.672006 | tabzero 1.672381 (760с)
шаг 1000/12000 эпоха 0 калиброванный скор 1.674034 | tabzero 1.675129 (1525с)
шаг 1500/12000 эпоха 0 калиброванный скор 1.675570 | tabzero 1.677409 (2289с)
  ВЫГРУЗКА на шаге 1500: скор файла (среднее 1 выгрузок) 1.675570
шаг 2000/12000 эпоха 0 калиброванный скор 1.672302 | tabzero 1.673695 (3457с)
шаг 2500/12000 эпоха 0 калиброванный скор 1.673786 | tabzero 1.675101 (4221с)
шаг 3000/12000 эпоха 0 калиброванный скор 1.671490 | tabzero 1.673663 (4985с)
  ВЫГРУЗКА на шаге 3000: скор файла (среднее 2 выгрузок) 1.672058
шаг 3500/12000 эпоха 0 калиброванный скор 1.672082 | tabzero 1.673955 (6154с)
шаг 4000/12000 эпоха 0 калиброванный скор 1.671138 | tabzero 1.672663 (6918с)
шаг 4500/12000 эпоха 0 калиброванный скор 1.671468 | tabzero 1.673910 (7682с)
  ВЫГРУЗКА на шаге 4500: скор файла (среднее 3 выгрузок) 1.671145
шаг 5000/12000 эпоха 0 калиброванный скор 1.671922 | tabzero 1.674496 (8850с)
шаг 5500/12000 эпоха 0 калиброванный скор 1.673866 | tabzero 1.676391 (9614с)
шаг 6000/12000 эпоха 0 калиброванный скор 1.670191 | tabzero 1.671243 (10378с)
  ВЫГРУЗКА на шаге 6000: скор файла (среднее 4 выгрузок) 1.670352
шаг 6500/12000 эпоха 0 калиброванный скор 1.669777 | tabzero 1.671056 (11547с)
шаг 7000/12000 эпоха 0 калиброванный скор 1.670065 | tabzero 1.672311 (12312с)
шаг 7500/12000 эпоха 0 калиброванный скор 1.669425 | tabzero 1.671229 (13076с)
  ВЫГРУЗКА на шаге 7500: скор файла (среднее 5 выгрузок) 1.669987
шаг 8000/12000 эпоха 0 калиброванный скор 1.669704 | tabzero 1.672613 (14245с)
шаг 8500/12000 эпоха 0 калиброванный скор 1.669001 | tabzero 1.670582 (15010с)
шаг 9000/12000 эпоха 0 калиброванный скор 1.670110 | tabzero 1.672631 (15773с)
  ВЫГРУЗКА на шаге 9000: скор файла (среднее 5 выгрузок) 1.669420
шаг 9500/12000 эпоха 0 калиброванный скор 1.668960 | tabzero 1.671070 (16942с)
шаг 10000/12000 эпоха 0 калиброванный скор 1.669392 | tabzero 1.671803 (17706с)
шаг 10500/12000 эпоха 0 калиброванный скор 1.669471 | tabzero 1.671822 (18470с)
  ВЫГРУЗКА на шаге 10500: скор файла (среднее 5 выгрузок) 1.669314
шаг 11000/12000 эпоха 0 калиброванный скор 1.668907 | tabzero 1.670825 (19637с)
шаг 11500/12000 эпоха 0 калиброванный скор 1.668882 | tabzero 1.670757 (20401с)
шаг 12000/12000 эпоха 0 калиброванный скор 1.668902 | tabzero 1.670802 (21165с)
  ВЫГРУЗКА на шаге 12000: скор файла (среднее 5 выгрузок) 1.669049
готово: последняя точка 1.668902, лучшая 1.668882, файлы в /kaggle/working/out
