GPU: Tesla T4
таблица: (26, 250000, 176) f16 на cuda:0 (2.29 ГБ), дроп 20 вырожденных колонок, 66с
модель: Lmax=320 d=256 слоёв=6 таблица 176->256 (concat, drop 0.15) параметров=3,803,836
--warm-from: скопировано 99 тензоров; свежая инициализация: ['tab_branch.0.weight', 'tab_branch.0.bias', 'tab_branch.2.weight', 'tab_branch.2.bias']
warm-старт OK: прогноз шага 0 с таблицей == без неё (maxdiff 0.00e+00)
срезов 24, пользователей 250,000, шагов за эпоху 23438, всего 12000; замер каждые 500, выгрузка каждые 1500
/usr/local/lib/python3.12/dist-packages/torch/optim/lr_scheduler.py:1195: UserWarning: Detected call of `lr_scheduler.step()` before `optimizer.step()`. In PyTorch 1.1.0 and later, you should call them in the opposite order: `optimizer.step()` before `lr_scheduler.step()`.  Failure to do this will result in PyTorch skipping the first value of the learning rate schedule. See more details at https://pytorch.org/docs/stable/optim.html#how-to-adjust-learning-rate
  scheduler.step()
шаг 500/12000 эпоха 0 калиброванный скор 1.677258 | tabzero 1.678759 (761с)
шаг 1000/12000 эпоха 0 калиброванный скор 1.671144 | tabzero 1.672080 (1517с)
шаг 1500/12000 эпоха 0 калиброванный скор 1.671096 | tabzero 1.671297 (2273с)
  ВЫГРУЗКА на шаге 1500: скор файла (среднее 1 выгрузок) 1.671096
шаг 2000/12000 эпоха 0 калиброванный скор 1.673812 | tabzero 1.676573 (3427с)
шаг 2500/12000 эпоха 0 калиброванный скор 1.671980 | tabzero 1.674220 (4182с)
шаг 3000/12000 эпоха 0 калиброванный скор 1.671225 | tabzero 1.673182 (4938с)
  ВЫГРУЗКА на шаге 3000: скор файла (среднее 2 выгрузок) 1.670267
шаг 3500/12000 эпоха 0 калиброванный скор 1.670302 | tabzero 1.672141 (6095с)
шаг 4000/12000 эпоха 0 калиброванный скор 1.672647 | tabzero 1.675047 (6851с)
шаг 4500/12000 эпоха 0 калиброванный скор 1.670541 | tabzero 1.673795 (7608с)
  ВЫГРУЗКА на шаге 4500: скор файла (среднее 3 выгрузок) 1.669995
шаг 5000/12000 эпоха 0 калиброванный скор 1.670664 | tabzero 1.673140 (8760с)
шаг 5500/12000 эпоха 0 калиброванный скор 1.671280 | tabzero 1.672754 (9517с)
шаг 6000/12000 эпоха 0 калиброванный скор 1.670705 | tabzero 1.672086 (10273с)
  ВЫГРУЗКА на шаге 6000: скор файла (среднее 4 выгрузок) 1.669770
шаг 6500/12000 эпоха 0 калиброванный скор 1.670881 | tabzero 1.673008 (11430с)
шаг 7000/12000 эпоха 0 калиброванный скор 1.669970 | tabzero 1.672288 (12187с)
шаг 7500/12000 эпоха 0 калиброванный скор 1.670433 | tabzero 1.672631 (12944с)
  ВЫГРУЗКА на шаге 7500: скор файла (среднее 5 выгрузок) 1.669614
шаг 8000/12000 эпоха 0 калиброванный скор 1.671549 | tabzero 1.674219 (14100с)
шаг 8500/12000 эпоха 0 калиброванный скор 1.669463 | tabzero 1.670830 (14856с)
шаг 9000/12000 эпоха 0 калиброванный скор 1.669346 | tabzero 1.670828 (15611с)
  ВЫГРУЗКА на шаге 9000: скор файла (среднее 5 выгрузок) 1.669497
шаг 9500/12000 эпоха 0 калиброванный скор 1.668722 | tabzero 1.669985 (16765с)
шаг 10000/12000 эпоха 0 калиброванный скор 1.668642 | tabzero 1.669878 (17520с)
шаг 10500/12000 эпоха 0 калиброванный скор 1.668568 | tabzero 1.669798 (18274с)
  ВЫГРУЗКА на шаге 10500: скор файла (среднее 5 выгрузок) 1.669121
шаг 11000/12000 эпоха 0 калиброванный скор 1.668413 | tabzero 1.669605 (19427с)
шаг 11500/12000 эпоха 0 калиброванный скор 1.668459 | tabzero 1.669623 (20184с)
шаг 12000/12000 эпоха 0 калиброванный скор 1.668473 | tabzero 1.669628 (20940с)
  ВЫГРУЗКА на шаге 12000: скор файла (среднее 5 выгрузок) 1.668957
готово: последняя точка 1.668473, лучшая 1.668413, файлы в /kaggle/working/out
