эталон: бленд, скор 1.666302, n=250000
белый список: 31 имён (колонки пакета + include)
кандидатов в библиотеке: 31 (исключено 0)

k= 1  +kostya46               отбор(dev)=+0.000249  ЧЕСТНО(eval)=+0.000100
k= 2  +gseq_small_s42         отбор(dev)=+0.000393  ЧЕСТНО(eval)=+0.000303
k= 3  +weak_ft_recency_cal    отбор(dev)=+0.000418  ЧЕСТНО(eval)=+0.000324
k= 4  +fusion_v3ctl_cal       отбор(dev)=+0.000422  ЧЕСТНО(eval)=+0.000293
k= 5  +weak_an_d_cal          отбор(dev)=+0.000431  ЧЕСТНО(eval)=+0.000266
k= 6  +gseq_big_s42           отбор(dev)=+0.000432  ЧЕСТНО(eval)=+0.000279
k= 7  +c_ts2_s7_cal           отбор(dev)=+0.000432  ЧЕСТНО(eval)=+0.000279
k= 8  +channel2_cal           отбор(dev)=+0.000432  ЧЕСТНО(eval)=+0.000279
k= 9  +fusion_v3_avg_cal      отбор(dev)=+0.000432  ЧЕСТНО(eval)=+0.000279
k=10  +febspec2_cal           отбор(dev)=+0.000432  ЧЕСТНО(eval)=+0.000279

--- пол: случайные наборы той же ёмкости (правило 4) ---
k= 1  случайный набор: среднее -0.000006  95-й перцентиль +0.000010
k= 2  случайный набор: среднее -0.000001  95-й перцентиль +0.000128
k= 3  случайный набор: среднее +0.000003  95-й перцентиль +0.000132
k= 4  случайный набор: среднее +0.000005  95-й перцентиль +0.000133
k= 5  случайный набор: среднее +0.000006  95-й перцентиль +0.000141
k= 6  случайный набор: среднее +0.000017  95-й перцентиль +0.000167
k= 7  случайный набор: среднее +0.000016  95-й перцентиль +0.000172
k= 8  случайный набор: среднее +0.000019  95-й перцентиль +0.000282
k= 9  случайный набор: среднее +0.000034  95-й перцентиль +0.000307
k=10  случайный набор: среднее +0.000035  95-й перцентиль +0.000283

--- ВЕРДИКТ ---
  k   жадный (eval)     пол (95%)  бьёт пол?
  1        0.000100      0.000010  ДА
  2        0.000303      0.000128  ДА
  3        0.000324      0.000132  ДА
  4        0.000293      0.000133  ДА
  5        0.000266      0.000141  ДА
  6        0.000279      0.000167  ДА
  7        0.000279      0.000172  ДА
  8        0.000279      0.000282  нет
  9        0.000279      0.000307  нет
 10        0.000279      0.000283  нет

JSON: work/reports/library_sweep_pack_2026-08-21.json
