эталон: бленд, скор 1.666302, n=250000
  ПРОПУСК cblog_a: скор 1.6542 < 1.66 — признак контаминации
  ПРОПУСК cblog_b: скор 1.6531 < 1.66 — признак контаминации
  ПРОПУСК cblog_d: скор 1.6530 < 1.66 — признак контаминации
  ПРОПУСК cblog_final: скор 1.6560 < 1.66 — признак контаминации
  ПРОПУСК direct_val2chk: калиброванный скор 1.6649 на уровне бленда 1.6663 — честной одиночке недоступно
  ПРОПУСК dirlgb_a6_v2: калиброванный скор 1.6649 на уровне бленда 1.6663 — честной одиночке недоступно
  ПРОПУСК dirlgb_a6: скор 1.4969 < 1.66 — признак контаминации
  ПРОПУСК lgblog_a: скор 1.6373 < 1.66 — признак контаминации
  ПРОПУСК lgblog_b: скор 1.6368 < 1.66 — признак контаминации
  ПРОПУСК lgblog_c: скор 1.6419 < 1.66 — признак контаминации
  ПРОПУСК lgblog_d: скор 1.6300 < 1.66 — признак контаминации
  ПРОПУСК lgblog_e: скор 1.6289 < 1.66 — признак контаминации
  ПРОПУСК lgblog_f: скор 1.6287 < 1.66 — признак контаминации
  ПРОПУСК lgbtw14_e: скор 1.5765 < 1.66 — признак контаминации
  ПРОПУСК lgbtwlog_e: скор 1.5428 < 1.66 — признак контаминации
  ПРОПУСК ts2_a: скор 1.5378 < 1.66 — признак контаминации
  ПРОПУСК ts2_b: скор 1.5762 < 1.66 — признак контаминации
  ПРОПУСК ts2_val2chk: скор 1.6590 < 1.66 — признак контаминации
  ПРОПУСК xgblog_a: скор 1.6401 < 1.66 — признак контаминации
  ПРОПУСК xgblog_b: скор 1.6241 < 1.66 — признак контаминации
  ПРОПУСК xgblog_c: скор 1.6257 < 1.66 — признак контаминации
  ПРОПУСК xgblog_d: скор 1.6301 < 1.66 — признак контаминации
кандидатов в библиотеке: 241 (исключено 111)

k= 1  +lgbtw12_e              отбор(dev)=+0.001754  ЧЕСТНО(eval)=+0.000600
k= 2  +lgbhub_e               отбор(dev)=+0.002277  ЧЕСТНО(eval)=+0.001112
k= 3  +mlp_b                  отбор(dev)=+0.002666  ЧЕСТНО(eval)=+0.001685
k= 4  +behavonly_s7           отбор(dev)=+0.002954  ЧЕСТНО(eval)=+0.001844
k= 5  +gseq_small_s42         отбор(dev)=+0.003106  ЧЕСТНО(eval)=+0.002043
k= 6  +weak_ft_recency        отбор(dev)=+0.003124  ЧЕСТНО(eval)=+0.002033
k= 7  +fusion_v3c555          отбор(dev)=+0.003135  ЧЕСТНО(eval)=+0.002069
k= 8  +seq2tr                 отбор(dev)=+0.003136  ЧЕСТНО(eval)=+0.002067
k= 9  +bagged_pre14           отбор(dev)=+0.003136  ЧЕСТНО(eval)=+0.002067
k=10  +bagged_pre24_n1        отбор(dev)=+0.003136  ЧЕСТНО(eval)=+0.002067
k=11  +bagged_pre24           отбор(dev)=+0.003136  ЧЕСТНО(eval)=+0.002067
k=12  +hmmsim                 отбор(dev)=+0.003136  ЧЕСТНО(eval)=+0.002067

--- пол: случайные наборы той же ёмкости (правило 4) ---
k= 1  случайный набор: среднее -0.000001  95-й перцентиль -0.000004
k= 2  случайный набор: среднее -0.000003  95-й перцентиль +0.000002
k= 3  случайный набор: среднее +0.000030  95-й перцентиль +0.000503
k= 4  случайный набор: среднее +0.000023  95-й перцентиль +0.000439
k= 5  случайный набор: среднее +0.000048  95-й перцентиль +0.000600
k= 6  случайный набор: среднее +0.000038  95-й перцентиль +0.000503
k= 7  случайный набор: среднее +0.000048  95-й перцентиль +0.000601
k= 8  случайный набор: среднее +0.000049  95-й перцентиль +0.000600
k= 9  случайный набор: среднее +0.000067  95-й перцентиль +0.000711
k=10  случайный набор: среднее +0.000072  95-й перцентиль +0.000713
k=11  случайный набор: среднее +0.000073  95-й перцентиль +0.000723
k=12  случайный набор: среднее +0.000087  95-й перцентиль +0.000727

--- ВЕРДИКТ ---
  k   жадный (eval)     пол (95%)  бьёт пол?
  1        0.000600     -0.000004  ДА
  2        0.001112      0.000002  ДА
  3        0.001685      0.000503  ДА
  4        0.001844      0.000439  ДА
  5        0.002043      0.000600  ДА
  6        0.002033      0.000503  ДА
  7        0.002069      0.000601  ДА
  8        0.002067      0.000600  ДА
  9        0.002067      0.000711  ДА
 10        0.002067      0.000713  ДА
 11        0.002067      0.000723  ДА
 12        0.002067      0.000727  ДА

JSON: work/reports/library_sweep_2026-08-21.json
