
=== пара 2025-11-03 -> 2025-12-01 (обучение на 4 срезах, зазор 30) ===
C:\Users\rut19\AppData\Local\Programs\Python\Python313\Lib\site-packages\sklearn\utils\validation.py:2749: UserWarning: X does not have valid feature names, but LGBMRegressor was fitted with feature names
  warnings.warn(
C:\Users\rut19\AppData\Local\Programs\Python\Python313\Lib\site-packages\sklearn\utils\validation.py:2749: UserWarning: X does not have valid feature names, but LGBMRegressor was fitted with feature names
  warnings.warn(
C:\Users\rut19\AppData\Local\Programs\Python\Python313\Lib\site-packages\sklearn\utils\validation.py:2749: UserWarning: X does not have valid feature names, but LGBMRegressor was fitted with feature names
  warnings.warn(
  окно 1: n=229,927 RMSLE=1.741240
C:\Users\rut19\AppData\Local\Programs\Python\Python313\Lib\site-packages\sklearn\utils\validation.py:2749: UserWarning: X does not have valid feature names, but LGBMRegressor was fitted with feature names
  warnings.warn(
C:\Users\rut19\AppData\Local\Programs\Python\Python313\Lib\site-packages\sklearn\utils\validation.py:2749: UserWarning: X does not have valid feature names, but LGBMRegressor was fitted with feature names
  warnings.warn(
C:\Users\rut19\AppData\Local\Programs\Python\Python313\Lib\site-packages\sklearn\utils\validation.py:2749: UserWarning: X does not have valid feature names, but LGBMRegressor was fitted with feature names
  warnings.warn(
  окно 2: n=240,650 RMSLE=1.757407
  общих юзеров 225,752
  уровень                 κ̂=-14.144  (c1=-0.0021 c2=+0.0300)
  сегментная ступенька    κ̂=+0.184  (c1=+1.0000 c2=+0.1837)
  стек по признакам       κ̂=+0.611  (c1=+1.0006 c2=+0.6117)
  дельта пересборки бленда κ̂=-0.500  (c1=+1.0000 c2=-0.4999)
C:\Users\rut19\AppData\Local\Programs\Python\Python313\Lib\site-packages\sklearn\utils\validation.py:2749: UserWarning: X does not have valid feature names, but LGBMRegressor was fitted with feature names
  warnings.warn(
C:\Users\rut19\AppData\Local\Programs\Python\Python313\Lib\site-packages\sklearn\utils\validation.py:2749: UserWarning: X does not have valid feature names, but LGBMRegressor was fitted with feature names
  warnings.warn(
C:\Users\rut19\AppData\Local\Programs\Python\Python313\Lib\site-packages\sklearn\utils\validation.py:2749: UserWarning: X does not have valid feature names, but LGBMRegressor was fitted with feature names
  warnings.warn(
  юзерское смещение       κ̂=+0.442  (c1=-0.0070 c2=-0.0031)

=== пара 2025-10-20 -> 2025-11-17 (обучение на 3 срезах, зазор 30) ===
C:\Users\rut19\AppData\Local\Programs\Python\Python313\Lib\site-packages\sklearn\utils\validation.py:2749: UserWarning: X does not have valid feature names, but LGBMRegressor was fitted with feature names
  warnings.warn(
C:\Users\rut19\AppData\Local\Programs\Python\Python313\Lib\site-packages\sklearn\utils\validation.py:2749: UserWarning: X does not have valid feature names, but LGBMRegressor was fitted with feature names
  warnings.warn(
C:\Users\rut19\AppData\Local\Programs\Python\Python313\Lib\site-packages\sklearn\utils\validation.py:2749: UserWarning: X does not have valid feature names, but LGBMRegressor was fitted with feature names
  warnings.warn(
  окно 1: n=226,385 RMSLE=1.736911
C:\Users\rut19\AppData\Local\Programs\Python\Python313\Lib\site-packages\sklearn\utils\validation.py:2749: UserWarning: X does not have valid feature names, but LGBMRegressor was fitted with feature names
  warnings.warn(
C:\Users\rut19\AppData\Local\Programs\Python\Python313\Lib\site-packages\sklearn\utils\validation.py:2749: UserWarning: X does not have valid feature names, but LGBMRegressor was fitted with feature names
  warnings.warn(
C:\Users\rut19\AppData\Local\Programs\Python\Python313\Lib\site-packages\sklearn\utils\validation.py:2749: UserWarning: X does not have valid feature names, but LGBMRegressor was fitted with feature names
  warnings.warn(
  окно 2: n=234,179 RMSLE=1.744375
  общих юзеров 219,961
  уровень                 κ̂=-0.288  (c1=-0.0018 c2=+0.0005)
  сегментная ступенька    κ̂=+0.585  (c1=+1.0000 c2=+0.5849)
  стек по признакам       κ̂=+0.773  (c1=+1.0009 c2=+0.7733)
  дельта пересборки бленда κ̂=+0.552  (c1=+1.0000 c2=+0.5519)
C:\Users\rut19\AppData\Local\Programs\Python\Python313\Lib\site-packages\sklearn\utils\validation.py:2749: UserWarning: X does not have valid feature names, but LGBMRegressor was fitted with feature names
  warnings.warn(
C:\Users\rut19\AppData\Local\Programs\Python\Python313\Lib\site-packages\sklearn\utils\validation.py:2749: UserWarning: X does not have valid feature names, but LGBMRegressor was fitted with feature names
  warnings.warn(
C:\Users\rut19\AppData\Local\Programs\Python\Python313\Lib\site-packages\sklearn\utils\validation.py:2749: UserWarning: X does not have valid feature names, but LGBMRegressor was fitted with feature names
  warnings.warn(
  юзерское смещение       κ̂=+1.728  (c1=-0.0064 c2=-0.0110)

=== пара 2025-11-03 -> 2025-12-15 (обучение на 4 срезах, зазор 30) ===
C:\Users\rut19\AppData\Local\Programs\Python\Python313\Lib\site-packages\sklearn\utils\validation.py:2749: UserWarning: X does not have valid feature names, but LGBMRegressor was fitted with feature names
  warnings.warn(
C:\Users\rut19\AppData\Local\Programs\Python\Python313\Lib\site-packages\sklearn\utils\validation.py:2749: UserWarning: X does not have valid feature names, but LGBMRegressor was fitted with feature names
  warnings.warn(
C:\Users\rut19\AppData\Local\Programs\Python\Python313\Lib\site-packages\sklearn\utils\validation.py:2749: UserWarning: X does not have valid feature names, but LGBMRegressor was fitted with feature names
  warnings.warn(
  окно 1: n=229,927 RMSLE=1.741240
C:\Users\rut19\AppData\Local\Programs\Python\Python313\Lib\site-packages\sklearn\utils\validation.py:2749: UserWarning: X does not have valid feature names, but LGBMRegressor was fitted with feature names
  warnings.warn(
C:\Users\rut19\AppData\Local\Programs\Python\Python313\Lib\site-packages\sklearn\utils\validation.py:2749: UserWarning: X does not have valid feature names, but LGBMRegressor was fitted with feature names
  warnings.warn(
C:\Users\rut19\AppData\Local\Programs\Python\Python313\Lib\site-packages\sklearn\utils\validation.py:2749: UserWarning: X does not have valid feature names, but LGBMRegressor was fitted with feature names
  warnings.warn(
  окно 2: n=250,000 RMSLE=1.749045
  общих юзеров 229,927
  уровень                 κ̂=+8.097  (c1=-0.0166 c2=-0.1346)
  сегментная ступенька    κ̂=+2.259  (c1=+1.0000 c2=+2.2585)
  стек по признакам       κ̂=+0.995  (c1=+1.0008 c2=+0.9957)
  дельта пересборки бленда κ̂=+3.526  (c1=+1.0000 c2=+3.5264)
C:\Users\rut19\AppData\Local\Programs\Python\Python313\Lib\site-packages\sklearn\utils\validation.py:2749: UserWarning: X does not have valid feature names, but LGBMRegressor was fitted with feature names
  warnings.warn(
C:\Users\rut19\AppData\Local\Programs\Python\Python313\Lib\site-packages\sklearn\utils\validation.py:2749: UserWarning: X does not have valid feature names, but LGBMRegressor was fitted with feature names
  warnings.warn(
C:\Users\rut19\AppData\Local\Programs\Python\Python313\Lib\site-packages\sklearn\utils\validation.py:2749: UserWarning: X does not have valid feature names, but LGBMRegressor was fitted with feature names
  warnings.warn(
  юзерское смещение       κ̂=+1.628  (c1=-0.0071 c2=-0.0115)


=== СВОДКА κ̂ по классам (среднее по парам) ===
класс                          κ̂ зеркало   κ замерено LB   |разница|
уровень                            -2.112           0.200       2.312
сегментная ступенька                1.009           0.050       0.959
стек по признакам                   0.793           0.150       0.643
дельта пересборки бленда            1.193           0.565       0.628
юзерское смещение (эталон)          1.266               —           —

записано D:\ozon_ecup\zhenya\out/k1_kappa_mirror.json
